// Jest Snapshot v1, https://goo.gl/fbAQLP

exports[`Popover component overrides: custom popover inner has correct props 1`] = `
<ForwardRef
  $arrowOffset={
    Object {
      "left": 0,
      "top": 0,
    }
  }
  $isAnimating={false}
  $isOpen={true}
  $placement="auto"
  $popoverMargin={8}
  $popoverOffset={
    Object {
      "left": 0,
      "top": 0,
    }
  }
  $showArrow={true}
>
  <MockStyledComponent
    $arrowOffset={
      Object {
        "left": 0,
        "top": 0,
      }
    }
    $isAnimating={false}
    $isOpen={true}
    $placement="auto"
    $popoverMargin={8}
    $popoverOffset={
      Object {
        "left": 0,
        "top": 0,
      }
    }
    $showArrow={true}
    forwardedRef={null}
  >
    <div
      styled-component="true"
      test-style="{
  \\"color\\": \\"blue\\"
}"
    >
      content
    </div>
  </MockStyledComponent>
</ForwardRef>
`;
